Running Gradle task 'assembleDebug'...                          
flutter : Warning: Flutter support for your 
project's Gradle version (8.6.0) will soon 
be dropped. Please upgrade your Gradle 
version to a version of at least 8.7.0 soon.
At line:1 char:1
+ flutter build apk --debug 2>&1 > 
build_output.txt; Get-Content build_ ...
+ ~~~~~~~~~~~~~~~~~~~~~~~~~~~~~~~~~~~~~~~~~~
~~~~~~~
    + CategoryInfo          : NotSpecified: 
    (Warning: Flutte...ast 8.7.0 soon.:Str  
  ing) [], RemoteException
    + FullyQualifiedErrorId : NativeCommand 
   Error
 
Alternatively, use the flag "--android-skip-
build-dependency-validation" to bypass this 
check.

Potential fix: Your project's gradle 
version is typically defined in the gradle 
wrapper file. By default, this can be found 
at D:\Harshil\DhakaniyaGam\android/gradle/wr
apper/gradle-wrapper.properties. 
For more information, see https://docs.gradl
e.org/current/userguide/gradle_wrapper.html.

Warning: Flutter support for your project's 
Android Gradle Plugin version (Android 
Gradle Plugin version 8.3.2) will soon be 
dropped. Please upgrade your Android Gradle 
Plugin version to a version of at least 
Android Gradle Plugin version 8.6.0 soon.
Alternatively, use the flag "--android-skip-
build-dependency-validation" to bypass this 
check.

Potential fix: Your project's AGP version 
is typically defined in the plugins block 
of the `settings.gradle` file (D:\Harshil\Dh
akaniyaGam\android/settings.gradle), by a 
plugin with the id of 
com.android.application. 
If you don't see a plugins block, your 
project was likely created with an older 
template version. In this case it is most 
likely defined in the top-level 
build.gradle file (D:\Harshil\DhakaniyaGam\a
ndroid/build.gradle) by the following line 
in the dependencies block of the 
buildscript: "classpath 
'com.android.tools.build:gradle:<version>'".

Warning: Flutter support for your project's 
Kotlin version (2.0.0) will soon be 
dropped. Please upgrade your Kotlin version 
to a version of at least 2.1.0 soon.
Alternatively, use the flag "--android-skip-
build-dependency-validation" to bypass this 
check.

Potential fix: Your project's KGP version 
is typically defined in the plugins block 
of the `settings.gradle` file (D:\Harshil\Dh
akaniyaGam\android/settings.gradle), by a 
plugin with the id of 
org.jetbrains.kotlin.android. 
If you don't see a plugins block, your 
project was likely created with an older 
template version, in which case it is most 
likely defined in the top-level 
build.gradle file (D:\Harshil\DhakaniyaGam\a
ndroid/build.gradle) by the 
ext.kotlin_version property.

e: file:///D:/Harshil/DhakaniyaGam/android/a
pp/src/main/kotlin/com/dhandhuka/dhandhuka_t
aluka/MainActivity.kt:5:7 Redeclaration:
class MainActivity : FlutterActivity
e: file:///D:/Harshil/DhakaniyaGam/android/a
pp/src/main/kotlin/com/example/dhandhuka_tal
uka/MainActivity%202.kt:5:7 Redeclaration:
class MainActivity : FlutterActivity

FAILURE: Build failed with an exception.

* What went wrong:
Execution failed for task 
':app:compileDebugKotlin'.
> A failure occurred while executing org.jet
brains.kotlin.compilerRunner.GradleCompilerR
unnerWithWorkers$GradleKotlinCompilerWorkAct
ion
   > Compilation error. See log for more 
details

* Try:
> Run with --stacktrace option to get the 
stack trace.
> Run with --info or --debug option to get 
more log output.
> Run with --scan to get full insights.
> Get more help at https://help.gradle.org.

BUILD FAILED in 33s
Running Gradle task 'assembleDebug'...                             34.8s
Gradle task assembleDebug failed with exit 
code 1
